|objc|"12.2"
	-> (double) 12.199999999999999
	|-> (NSNumber *) @12.2
	|-> (NSString *) @"12.2" (-stringValue)
	|-> (double) 12.199999999999999
	||-> (NSString *) @"12.2" (-description)
	||-> (double) 12.199999999999999

|objc|"11.7"
	-> (double) 11.699999999999999
	|-> (NSNumber *) @11.7
	|-> (NSString *) @"11.7" (-stringValue)
	|-> (double) 11.699999999999999
	||-> (NSString *) @"11.7" (-description)
	||-> (double) 11.699999999999999

|objc|"11.0000007"
	-> (double) 11.000000699999999
	|-> (NSNumber *) @11.0000007
	|-> (NSString *) @"11.0000007" (-stringValue)
	|-> (double) 11.000000699999999
	||-> (NSString *) @"11.0000007" (-description)
	||-> (double) 11.000000699999999

|objc|"11.00000000000005"
	-> (double) 11.00000000000005
	|-> (NSNumber *) @11.00000000000005
	|-> (NSString *) @"11.00000000000005" (-stringValue)
	|-> (double) 11.00000000000005
	||-> (NSString *) @"11.00000000000005" (-description)
	||-> (double) 11.00000000000005

|objc|"11.000000000000005"
	-> (double) 11.000000000000005
	|-> (NSNumber *) @11.00000000000001
	|-> (NSString *) @"11.00000000000001" (-stringValue)
	|-> (double) 11.000000000000011
	||-> (NSString *) @"11.00000000000001" (-description)
	||-> (double) 11.000000000000011

|objc|"11.0000000000000005"
	-> (double) 11
	|-> (NSNumber *) @11
	|-> (NSString *) @"11" (-stringValue)
	|-> (double) 11
	||-> (NSString *) @"11" (-description)
	||-> (double) 11
