%0.17g=0.80000000000000004 --- %0.16g=0.8 --- %g=0.8 ::: description=0.8
%0.17g=8.1999999999999993 --- %0.16g=8.199999999999999 --- %g=8.2 ::: description=8.199999999999999
%0.17g=8.3000000000000007 --- %0.16g=8.300000000000001 --- %g=8.3 ::: description=8.300000000000001
%0.17g=11.699999999999999 --- %0.16g=11.7 --- %g=11.7 ::: description=11.7
%0.17g=11.07 --- %0.16g=11.07 --- %g=11.07 ::: description=11.07
%0.17g=11.007 --- %0.16g=11.007 --- %g=11.007 ::: description=11.007
%0.17g=11.0007 --- %0.16g=11.0007 --- %g=11.0007 ::: description=11.0007
%0.17g=11.000069999999999 --- %0.16g=11.00007 --- %g=11.0001 ::: description=11.00007
%0.17g=11.000007 --- %0.16g=11.000007 --- %g=11 ::: description=11.000007
%0.17g=11.000000699999999 --- %0.16g=11.0000007 --- %g=11 ::: description=11.0000007
%0.17g=11.00000007 --- %0.16g=11.00000007 --- %g=11 ::: description=11.00000007
%0.17g=11.000000007000001 --- %0.16g=11.000000007 --- %g=11 ::: description=11.000000007
%0.17g=11.0000000007 --- %0.16g=11.0000000007 --- %g=11 ::: description=11.0000000007
%0.17g=11.000000000069999 --- %0.16g=11.00000000007 --- %g=11 ::: description=11.00000000007
%0.17g=11.000000000007001 --- %0.16g=11.000000000007 --- %g=11 ::: description=11.000000000007
%0.17g=11.0000000000007 --- %0.16g=11.0000000000007 --- %g=11 ::: description=11.0000000000007
%0.17g=11.000000000000069 --- %0.16g=11.00000000000007 --- %g=11 ::: description=11.00000000000007
%0.17g=11.000000000000007 --- %0.16g=11.00000000000001 --- %g=11 ::: description=11.00000000000001
