C: 1.79769e+308 <op> 1.79769e+308 : ==
C: 1.79769e+308 <op> 1.79769e+308 : ==
   [1.79769e+308 compare:1.79769e+308] : =
   [1.79769e+308 compare:1.79769e+308] : =
   [1.79769e+308 isEqual:1.79769e+308] : YES
   [1.79769e+308 isEqual:1.79769e+308] : YES
   [1.79769e+308 isEqualToNumber:1.79769e+308] : YES
   [1.79769e+308 isEqualToNumber:1.79769e+308] : YES
C: 1.79769e+308 <op> 2.22507e-308 : != >
C: 2.22507e-308 <op> 1.79769e+308 : < !=
   [1.79769e+308 compare:2.22507e-308] : >
   [2.22507e-308 compare:1.79769e+308] : <
   [1.79769e+308 isEqual:2.22507e-308] : NO
   [2.22507e-308 isEqual:1.79769e+308] : NO
   [1.79769e+308 isEqualToNumber:2.22507e-308] : NO
   [2.22507e-308 isEqualToNumber:1.79769e+308] : NO
C: 2.22507e-308 <op> 2.22507e-308 : ==
C: 2.22507e-308 <op> 2.22507e-308 : ==
   [2.22507e-308 compare:2.22507e-308] : =
   [2.22507e-308 compare:2.22507e-308] : =
   [2.22507e-308 isEqual:2.22507e-308] : YES
   [2.22507e-308 isEqual:2.22507e-308] : YES
   [2.22507e-308 isEqualToNumber:2.22507e-308] : YES
   [2.22507e-308 isEqualToNumber:2.22507e-308] : YES
