0x00800000 : 1.1754944e-38 (FLT_MIN)
0x80800000 : -1.1754944e-38 (-FLT_MIN)
0x7f7fffff : 3.4028235e+38 (FLT_MAX)
0xff7fffff : -3.4028235e+38 (-FLT_MAX)
0x7f800000 : inf (INFINITY)
0xff800000 : -inf (-INFINITY)
0x7fc00000 : nan (NAN)
0xffc00000 : -nan (-NAN)
0x00000000 : 0
0x3f800000 : 1
0x3ffffffe : 1.9999998
0x3fffffff : 1.9999999
0x40000000 : 2
0x40000000 : 2
0x40000001 : 2.0000002
0xbf800000 : -1
0xc0000000 : -2
