[nan compare:-inf] : >
[-inf compare:nan] : <
[nan isEqual:-inf] : NO
[-inf isEqual:nan] : NO
[nan isEqualToNumber:-inf] : NO
[-inf isEqualToNumber:nan] : NO
[nan compare:0] : <
[0 compare:nan] : >
[nan isEqual:0] : NO
[0 isEqual:nan] : NO
[nan isEqualToNumber:0] : NO
[0 isEqualToNumber:nan] : NO
[nan compare:1848] : <
[1848 compare:nan] : >
[nan isEqual:1848] : NO
[1848 isEqual:nan] : NO
[nan isEqualToNumber:1848] : NO
[1848 isEqualToNumber:nan] : NO
[nan compare:inf] : <
[inf compare:nan] : >
[nan isEqual:inf] : NO
[inf isEqual:nan] : NO
[nan isEqualToNumber:inf] : NO
[inf isEqualToNumber:nan] : NO
[nan compare:nan] : =
[nan compare:nan] : =
[nan isEqual:nan] : YES
[nan isEqual:nan] : YES
[nan isEqualToNumber:nan] : YES
[nan isEqualToNumber:nan] : YES
[-inf compare:0] : <
[0 compare:-inf] : >
[-inf isEqual:0] : NO
[0 isEqual:-inf] : NO
[-inf isEqualToNumber:0] : NO
[0 isEqualToNumber:-inf] : NO
[-inf compare:1848] : <
[1848 compare:-inf] : >
[-inf isEqual:1848] : NO
[1848 isEqual:-inf] : NO
[-inf isEqualToNumber:1848] : NO
[1848 isEqualToNumber:-inf] : NO
[-inf compare:inf] : <
[inf compare:-inf] : >
[-inf isEqual:inf] : NO
[inf isEqual:-inf] : NO
[-inf isEqualToNumber:inf] : NO
[inf isEqualToNumber:-inf] : NO
[-inf compare:nan] : <
[nan compare:-inf] : >
[-inf isEqual:nan] : NO
[nan isEqual:-inf] : NO
[-inf isEqualToNumber:nan] : NO
[nan isEqualToNumber:-inf] : NO
[0 compare:1848] : <
[1848 compare:0] : >
[0 isEqual:1848] : NO
[1848 isEqual:0] : NO
[0 isEqualToNumber:1848] : NO
[1848 isEqualToNumber:0] : NO
[0 compare:inf] : <
[inf compare:0] : >
[0 isEqual:inf] : NO
[inf isEqual:0] : NO
[0 isEqualToNumber:inf] : NO
[inf isEqualToNumber:0] : NO
[0 compare:nan] : >
[nan compare:0] : <
[0 isEqual:nan] : NO
[nan isEqual:0] : NO
[0 isEqualToNumber:nan] : NO
[nan isEqualToNumber:0] : NO
[1848 compare:inf] : <
[inf compare:1848] : >
[1848 isEqual:inf] : NO
[inf isEqual:1848] : NO
[1848 isEqualToNumber:inf] : NO
[inf isEqualToNumber:1848] : NO
[1848 compare:nan] : >
[nan compare:1848] : <
[1848 isEqual:nan] : NO
[nan isEqual:1848] : NO
[1848 isEqualToNumber:nan] : NO
[nan isEqualToNumber:1848] : NO
[inf compare:nan] : >
[nan compare:inf] : <
[inf isEqual:nan] : NO
[nan isEqual:inf] : NO
[inf isEqualToNumber:nan] : NO
[nan isEqualToNumber:inf] : NO
