nil
   *nil* = *nil*
   *nil* = -1.5
   *nil* = 0.0
   *nil* = 1.5
1
   -1.5 = *nil*
   -1.5 = -1.5
   -1.5 < 0.0
   -1.5 < 1.5
2
   0.0 = *nil*
   0.0 > -1.5
   0.0 = 0.0
   0.0 < 1.5
3
   1.5 = *nil*
   1.5 > -1.5
   1.5 > 0.0
   1.5 = 1.5
