nil
   a=*nil* earlierDate: b=*nil* = a
   a=*nil* earlierDate: b=-1.5 = a
   a=*nil* earlierDate: b=0.0 = a
   a=*nil* earlierDate: b=1.5 = a
1
   a=-1.5 earlierDate: b=*nil* = a
   a=-1.5 earlierDate: b=-1.5 = a
   a=-1.5 earlierDate: b=0.0 = a
   a=-1.5 earlierDate: b=1.5 = a
2
   a=0.0 earlierDate: b=*nil* = a
   a=0.0 earlierDate: b=-1.5 = b
   a=0.0 earlierDate: b=0.0 = a
   a=0.0 earlierDate: b=1.5 = a
3
   a=1.5 earlierDate: b=*nil* = a
   a=1.5 earlierDate: b=-1.5 = b
   a=1.5 earlierDate: b=0.0 = b
   a=1.5 earlierDate: b=1.5 = a
