2001: 0.0
1970: 978307200.0
2001: 1.5
1970: 978307201.5
