nil
   *nil* timeIntervalSinceDate: *nil* = 0.0
   *nil* timeIntervalSinceDate: -1.5 = 0.0
   *nil* timeIntervalSinceDate: 0.0 = 0.0
   *nil* timeIntervalSinceDate: 1.5 = 0.0
1
   -1.5 timeIntervalSinceDate: *nil* = nan
   -1.5 timeIntervalSinceDate: -1.5 = 0.0
   -1.5 timeIntervalSinceDate: 0.0 = -1.5
   -1.5 timeIntervalSinceDate: 1.5 = -3.0
2
   0.0 timeIntervalSinceDate: *nil* = nan
   0.0 timeIntervalSinceDate: -1.5 = 1.5
   0.0 timeIntervalSinceDate: 0.0 = 0.0
   0.0 timeIntervalSinceDate: 1.5 = -1.5
3
   1.5 timeIntervalSinceDate: *nil* = nan
   1.5 timeIntervalSinceDate: -1.5 = 3.0
   1.5 timeIntervalSinceDate: 0.0 = 1.5
   1.5 timeIntervalSinceDate: 1.5 = 0.0
