NSData -mulleIsThreadSafe: YES
NSMutableData -mulleIsThreadSafe: NO
