"" -> ""
"?" -> "."
"*" -> ""
"*.*" -> "[^]*."
"a*b" -> "a[^]*b"
"a?[b]c*d" -> "a.[b]c[^]*d"
"a*[!b-c]d" -> "a[b-c]*[^b-c]d"
"a*\[!b]" -> "a[^\[]*\[!b]"
"\a\*\[\!\b-c\]d" -> "\a\*\[\!\b-c\]d"
