"VfL" (1, 1)
	next:
		'V' 
	undo:
		'V' 0 (YES)
	next:
		'V' 

"VfL" (1, 2)
	next:
		'V' 
	undo:
		'V' 0 (YES)
		-1 0 (NO)
	next:
		'V' 

"VfL" (1, 3)
	next:
		'V' 
	undo:
		'V' 0 (YES)
		-1 0 (NO)
		-1 0 (NO)
	next:
		'V' 

"VfL" (2, 1)
	next:
		'V' 
		'f' 
	undo:
		'f' 'V' (YES)
	next:
		'f' 

"VfL" (2, 2)
	next:
		'V' 
		'f' 
	undo:
		'f' 'V' (YES)
		'V' 0 (YES)
	next:
		'V' 

"VfL" (2, 3)
	next:
		'V' 
		'f' 
	undo:
		'f' 'V' (YES)
		'V' 0 (YES)
		-1 0 (NO)
	next:
		'V' 

"VfL" (3, 1)
	next:
		'V' 
		'f' 
		'L' 
	undo:
		'L' 'f' (YES)
	next:
		'L' 

"VfL" (3, 2)
	next:
		'V' 
		'f' 
		'L' 
	undo:
		'L' 'f' (YES)
		'f' 'V' (YES)
	next:
		'f' 

"VfL" (3, 3)
	next:
		'V' 
		'f' 
		'L' 
	undo:
		'L' 'f' (YES)
		'f' 'V' (YES)
		'V' 0 (YES)
	next:
		'V' 

