

llams
regnol
8481 muhcoB LfV
.gnirtSSN eht morf hctef dnoces a seriuqer yllufepoh taht ,gnirts gnol yrev a si sihT
.gnirtSSN eht morf hctef dnoces a seriuqer yllufepoh taht ,gnirts regnol neve na si sihT
