"LfV" (1, 1)
	previous:
		'V' 
	undo:
		0 0 (YES)
	previous:
		'V' 

"LfV" (1, 2)
	previous:
		'V' 
	undo:
		0 0 (YES)
		-1 0 (NO)
	previous:
		'V' 

"LfV" (1, 3)
	previous:
		'V' 
	undo:
		0 0 (YES)
		-1 0 (NO)
		-1 0 (NO)
	previous:
		'V' 

"LfV" (2, 1)
	previous:
		'V' 
		'f' 
	undo:
		'V' 0 (YES)
	previous:
		'f' 

"LfV" (2, 2)
	previous:
		'V' 
		'f' 
	undo:
		'V' 0 (YES)
		0 0 (YES)
	previous:
		'V' 

"LfV" (2, 3)
	previous:
		'V' 
		'f' 
	undo:
		'V' 0 (YES)
		0 0 (YES)
		-1 0 (NO)
	previous:
		'V' 

"LfV" (3, 1)
	previous:
		'V' 
		'f' 
		'L' 
	undo:
		'f' 'V' (YES)
	previous:
		'L' 

"LfV" (3, 2)
	previous:
		'V' 
		'f' 
		'L' 
	undo:
		'f' 'V' (YES)
		'V' 0 (YES)
	previous:
		'f' 

"LfV" (3, 3)
	previous:
		'V' 
		'f' 
		'L' 
	undo:
		'f' 'V' (YES)
		'V' 0 (YES)
		0 0 (YES)
	previous:
		'V' 

