

small
longer
VfL Bochum 1848
This is a very long string, that hopefully requires a second fetch from the NSString.
This is an even longer string, that hopefully requires a second fetch from the NSString.
